// Vitest Snapshot v1

exports[`Board > render successfully 1`] = `
<div>
  <div
    class="flex flex-col overflow-hidden rounded-xl border-[3px] border-neutral-500"
  >
    <div
      class="flex"
    >
      <button
        class="flex h-9 flex-1 items-center justify-center border-neutral-400 text-2xl font-semibold sm:h-12 sm:text-3xl bg-neutral-200 hover:bg-neutral-200/50"
        data-active="false"
      />
      <button
        class="flex h-9 flex-1 items-center justify-center border-neutral-400 text-2xl font-semibold sm:h-12 sm:text-3xl border-l bg-neutral-200 hover:bg-neutral-200/50"
        data-active="false"
      />
      <button
        class="flex h-9 flex-1 items-center justify-center border-neutral-400 text-2xl font-semibold sm:h-12 sm:text-3xl border-l bg-neutral-200 hover:bg-neutral-200/50"
        data-active="false"
      />
      <button
        class="flex h-9 flex-1 items-center justify-center border-neutral-400 text-2xl font-semibold sm:h-12 sm:text-3xl border-l-2 bg-neutral-200 hover:bg-neutral-200/50"
        data-active="false"
      />
      <button
        class="flex h-9 flex-1 items-center justify-center border-neutral-400 text-2xl font-semibold sm:h-12 sm:text-3xl border-l bg-neutral-200 hover:bg-neutral-200/50"
        data-active="false"
      />
      <button
        class="flex h-9 flex-1 items-center justify-center border-neutral-400 text-2xl font-semibold sm:h-12 sm:text-3xl border-l bg-neutral-200 hover:bg-neutral-200/50"
        data-active="false"
      />
      <button
        class="flex h-9 flex-1 items-center justify-center border-neutral-400 text-2xl font-semibold sm:h-12 sm:text-3xl border-l-2 bg-neutral-200 hover:bg-neutral-200/50"
        data-active="false"
      />
      <button
        class="flex h-9 flex-1 items-center justify-center border-neutral-400 text-2xl font-semibold sm:h-12 sm:text-3xl border-l bg-neutral-200 hover:bg-neutral-200/50"
        data-active="false"
      />
      <button
        class="flex h-9 flex-1 items-center justify-center border-neutral-400 text-2xl font-semibold sm:h-12 sm:text-3xl border-l bg-neutral-200 hover:bg-neutral-200/50"
        data-active="false"
      />
    </div>
    <div
      class="flex"
    >
      <button
        class="flex h-9 flex-1 items-center justify-center border-neutral-400 text-2xl font-semibold sm:h-12 sm:text-3xl border-t bg-neutral-200 hover:bg-neutral-200/50"
        data-active="false"
      />
      <button
        class="flex h-9 flex-1 items-center justify-center border-neutral-400 text-2xl font-semibold sm:h-12 sm:text-3xl border-l border-t bg-neutral-200 hover:bg-neutral-200/50"
        data-active="false"
      />
      <button
        class="flex h-9 flex-1 items-center justify-center border-neutral-400 text-2xl font-semibold sm:h-12 sm:text-3xl border-l border-t bg-neutral-200 hover:bg-neutral-200/50"
        data-active="false"
      />
      <button
        class="flex h-9 flex-1 items-center justify-center border-neutral-400 text-2xl font-semibold sm:h-12 sm:text-3xl border-t border-l-2 bg-neutral-200 hover:bg-neutral-200/50"
        data-active="false"
      />
      <button
        class="flex h-9 flex-1 items-center justify-center border-neutral-400 text-2xl font-semibold sm:h-12 sm:text-3xl border-l border-t bg-neutral-200 hover:bg-neutral-200/50"
        data-active="false"
      />
      <button
        class="flex h-9 flex-1 items-center justify-center border-neutral-400 text-2xl font-semibold sm:h-12 sm:text-3xl border-l border-t bg-neutral-200 hover:bg-neutral-200/50"
        data-active="false"
      />
      <button
        class="flex h-9 flex-1 items-center justify-center border-neutral-400 text-2xl font-semibold sm:h-12 sm:text-3xl border-t border-l-2 bg-neutral-200 hover:bg-neutral-200/50"
        data-active="false"
      />
      <button
        class="flex h-9 flex-1 items-center justify-center border-neutral-400 text-2xl font-semibold sm:h-12 sm:text-3xl border-l border-t bg-neutral-200 hover:bg-neutral-200/50"
        data-active="false"
      />
      <button
        class="flex h-9 flex-1 items-center justify-center border-neutral-400 text-2xl font-semibold sm:h-12 sm:text-3xl border-l border-t bg-neutral-200 hover:bg-neutral-200/50"
        data-active="false"
      />
    </div>
    <div
      class="flex"
    >
      <button
        class="flex h-9 flex-1 items-center justify-center border-neutral-400 text-2xl font-semibold sm:h-12 sm:text-3xl border-t bg-neutral-200 hover:bg-neutral-200/50"
        data-active="false"
      />
      <button
        class="flex h-9 flex-1 items-center justify-center border-neutral-400 text-2xl font-semibold sm:h-12 sm:text-3xl border-l border-t bg-neutral-200 hover:bg-neutral-200/50"
        data-active="false"
      />
      <button
        class="flex h-9 flex-1 items-center justify-center border-neutral-400 text-2xl font-semibold sm:h-12 sm:text-3xl border-l border-t bg-neutral-200 hover:bg-neutral-200/50"
        data-active="false"
      />
      <button
        class="flex h-9 flex-1 items-center justify-center border-neutral-400 text-2xl font-semibold sm:h-12 sm:text-3xl border-t border-l-2 bg-neutral-200 hover:bg-neutral-200/50"
        data-active="false"
      />
      <button
        class="flex h-9 flex-1 items-center justify-center border-neutral-400 text-2xl font-semibold sm:h-12 sm:text-3xl border-l border-t bg-neutral-200 hover:bg-neutral-200/50"
        data-active="false"
      />
      <button
        class="flex h-9 flex-1 items-center justify-center border-neutral-400 text-2xl font-semibold sm:h-12 sm:text-3xl border-l border-t bg-neutral-200 hover:bg-neutral-200/50"
        data-active="false"
      />
      <button
        class="flex h-9 flex-1 items-center justify-center border-neutral-400 text-2xl font-semibold sm:h-12 sm:text-3xl border-t border-l-2 bg-neutral-200 hover:bg-neutral-200/50"
        data-active="false"
      />
      <button
        class="flex h-9 flex-1 items-center justify-center border-neutral-400 text-2xl font-semibold sm:h-12 sm:text-3xl border-l border-t bg-neutral-200 hover:bg-neutral-200/50"
        data-active="false"
      />
      <button
        class="flex h-9 flex-1 items-center justify-center border-neutral-400 text-2xl font-semibold sm:h-12 sm:text-3xl border-l border-t bg-neutral-200 hover:bg-neutral-200/50"
        data-active="false"
      />
    </div>
    <div
      class="flex border-t-2 border-neutral-400"
    >
      <button
        class="flex h-9 flex-1 items-center justify-center border-neutral-400 text-2xl font-semibold sm:h-12 sm:text-3xl bg-neutral-200 hover:bg-neutral-200/50"
        data-active="false"
      />
      <button
        class="flex h-9 flex-1 items-center justify-center border-neutral-400 text-2xl font-semibold sm:h-12 sm:text-3xl border-l bg-neutral-200 hover:bg-neutral-200/50"
        data-active="false"
      />
      <button
        class="flex h-9 flex-1 items-center justify-center border-neutral-400 text-2xl font-semibold sm:h-12 sm:text-3xl border-l bg-neutral-200 hover:bg-neutral-200/50"
        data-active="false"
      />
      <button
        class="flex h-9 flex-1 items-center justify-center border-neutral-400 text-2xl font-semibold sm:h-12 sm:text-3xl border-l-2 bg-neutral-200 hover:bg-neutral-200/50"
        data-active="false"
      />
      <button
        class="flex h-9 flex-1 items-center justify-center border-neutral-400 text-2xl font-semibold sm:h-12 sm:text-3xl border-l bg-neutral-200 hover:bg-neutral-200/50"
        data-active="false"
      />
      <button
        class="flex h-9 flex-1 items-center justify-center border-neutral-400 text-2xl font-semibold sm:h-12 sm:text-3xl border-l bg-neutral-200 hover:bg-neutral-200/50"
        data-active="false"
      />
      <button
        class="flex h-9 flex-1 items-center justify-center border-neutral-400 text-2xl font-semibold sm:h-12 sm:text-3xl border-l-2 bg-neutral-200 hover:bg-neutral-200/50"
        data-active="false"
      />
      <button
        class="flex h-9 flex-1 items-center justify-center border-neutral-400 text-2xl font-semibold sm:h-12 sm:text-3xl border-l bg-neutral-200 hover:bg-neutral-200/50"
        data-active="false"
      />
      <button
        class="flex h-9 flex-1 items-center justify-center border-neutral-400 text-2xl font-semibold sm:h-12 sm:text-3xl border-l bg-neutral-200 hover:bg-neutral-200/50"
        data-active="false"
      />
    </div>
    <div
      class="flex"
    >
      <button
        class="flex h-9 flex-1 items-center justify-center border-neutral-400 text-2xl font-semibold sm:h-12 sm:text-3xl border-t bg-neutral-200 hover:bg-neutral-200/50"
        data-active="false"
      />
      <button
        class="flex h-9 flex-1 items-center justify-center border-neutral-400 text-2xl font-semibold sm:h-12 sm:text-3xl border-l border-t bg-neutral-200 hover:bg-neutral-200/50"
        data-active="false"
      />
      <button
        class="flex h-9 flex-1 items-center justify-center border-neutral-400 text-2xl font-semibold sm:h-12 sm:text-3xl border-l border-t bg-neutral-200 hover:bg-neutral-200/50"
        data-active="false"
      />
      <button
        class="flex h-9 flex-1 items-center justify-center border-neutral-400 text-2xl font-semibold sm:h-12 sm:text-3xl border-t border-l-2 bg-neutral-200 hover:bg-neutral-200/50"
        data-active="false"
      />
      <button
        class="flex h-9 flex-1 items-center justify-center border-neutral-400 text-2xl font-semibold sm:h-12 sm:text-3xl border-l border-t bg-neutral-200 hover:bg-neutral-200/50"
        data-active="false"
      />
      <button
        class="flex h-9 flex-1 items-center justify-center border-neutral-400 text-2xl font-semibold sm:h-12 sm:text-3xl border-l border-t bg-neutral-200 hover:bg-neutral-200/50"
        data-active="false"
      />
      <button
        class="flex h-9 flex-1 items-center justify-center border-neutral-400 text-2xl font-semibold sm:h-12 sm:text-3xl border-t border-l-2 bg-neutral-200 hover:bg-neutral-200/50"
        data-active="false"
      />
      <button
        class="flex h-9 flex-1 items-center justify-center border-neutral-400 text-2xl font-semibold sm:h-12 sm:text-3xl border-l border-t bg-neutral-200 hover:bg-neutral-200/50"
        data-active="false"
      />
      <button
        class="flex h-9 flex-1 items-center justify-center border-neutral-400 text-2xl font-semibold sm:h-12 sm:text-3xl border-l border-t bg-neutral-200 hover:bg-neutral-200/50"
        data-active="false"
      />
    </div>
    <div
      class="flex"
    >
      <button
        class="flex h-9 flex-1 items-center justify-center border-neutral-400 text-2xl font-semibold sm:h-12 sm:text-3xl border-t bg-neutral-200 hover:bg-neutral-200/50"
        data-active="false"
      />
      <button
        class="flex h-9 flex-1 items-center justify-center border-neutral-400 text-2xl font-semibold sm:h-12 sm:text-3xl border-l border-t bg-neutral-200 hover:bg-neutral-200/50"
        data-active="false"
      />
      <button
        class="flex h-9 flex-1 items-center justify-center border-neutral-400 text-2xl font-semibold sm:h-12 sm:text-3xl border-l border-t bg-neutral-200 hover:bg-neutral-200/50"
        data-active="false"
      />
      <button
        class="flex h-9 flex-1 items-center justify-center border-neutral-400 text-2xl font-semibold sm:h-12 sm:text-3xl border-t border-l-2 bg-neutral-200 hover:bg-neutral-200/50"
        data-active="false"
      />
      <button
        class="flex h-9 flex-1 items-center justify-center border-neutral-400 text-2xl font-semibold sm:h-12 sm:text-3xl border-l border-t bg-neutral-200 hover:bg-neutral-200/50"
        data-active="false"
      />
      <button
        class="flex h-9 flex-1 items-center justify-center border-neutral-400 text-2xl font-semibold sm:h-12 sm:text-3xl border-l border-t bg-neutral-200 hover:bg-neutral-200/50"
        data-active="false"
      />
      <button
        class="flex h-9 flex-1 items-center justify-center border-neutral-400 text-2xl font-semibold sm:h-12 sm:text-3xl border-t border-l-2 bg-neutral-200 hover:bg-neutral-200/50"
        data-active="false"
      />
      <button
        class="flex h-9 flex-1 items-center justify-center border-neutral-400 text-2xl font-semibold sm:h-12 sm:text-3xl border-l border-t bg-neutral-200 hover:bg-neutral-200/50"
        data-active="false"
      />
      <button
        class="flex h-9 flex-1 items-center justify-center border-neutral-400 text-2xl font-semibold sm:h-12 sm:text-3xl border-l border-t bg-neutral-200 hover:bg-neutral-200/50"
        data-active="false"
      />
    </div>
    <div
      class="flex border-t-2 border-neutral-400"
    >
      <button
        class="flex h-9 flex-1 items-center justify-center border-neutral-400 text-2xl font-semibold sm:h-12 sm:text-3xl bg-neutral-200 hover:bg-neutral-200/50"
        data-active="false"
      />
      <button
        class="flex h-9 flex-1 items-center justify-center border-neutral-400 text-2xl font-semibold sm:h-12 sm:text-3xl border-l bg-neutral-200 hover:bg-neutral-200/50"
        data-active="false"
      />
      <button
        class="flex h-9 flex-1 items-center justify-center border-neutral-400 text-2xl font-semibold sm:h-12 sm:text-3xl border-l bg-neutral-200 hover:bg-neutral-200/50"
        data-active="false"
      />
      <button
        class="flex h-9 flex-1 items-center justify-center border-neutral-400 text-2xl font-semibold sm:h-12 sm:text-3xl border-l-2 bg-neutral-200 hover:bg-neutral-200/50"
        data-active="false"
      />
      <button
        class="flex h-9 flex-1 items-center justify-center border-neutral-400 text-2xl font-semibold sm:h-12 sm:text-3xl border-l bg-neutral-200 hover:bg-neutral-200/50"
        data-active="false"
      />
      <button
        class="flex h-9 flex-1 items-center justify-center border-neutral-400 text-2xl font-semibold sm:h-12 sm:text-3xl border-l bg-neutral-200 hover:bg-neutral-200/50"
        data-active="false"
      />
      <button
        class="flex h-9 flex-1 items-center justify-center border-neutral-400 text-2xl font-semibold sm:h-12 sm:text-3xl border-l-2 bg-neutral-200 hover:bg-neutral-200/50"
        data-active="false"
      />
      <button
        class="flex h-9 flex-1 items-center justify-center border-neutral-400 text-2xl font-semibold sm:h-12 sm:text-3xl border-l bg-neutral-200 hover:bg-neutral-200/50"
        data-active="false"
      />
      <button
        class="flex h-9 flex-1 items-center justify-center border-neutral-400 text-2xl font-semibold sm:h-12 sm:text-3xl border-l bg-neutral-200 hover:bg-neutral-200/50"
        data-active="false"
      />
    </div>
    <div
      class="flex"
    >
      <button
        class="flex h-9 flex-1 items-center justify-center border-neutral-400 text-2xl font-semibold sm:h-12 sm:text-3xl border-t bg-neutral-200 hover:bg-neutral-200/50"
        data-active="false"
      />
      <button
        class="flex h-9 flex-1 items-center justify-center border-neutral-400 text-2xl font-semibold sm:h-12 sm:text-3xl border-l border-t bg-neutral-200 hover:bg-neutral-200/50"
        data-active="false"
      />
      <button
        class="flex h-9 flex-1 items-center justify-center border-neutral-400 text-2xl font-semibold sm:h-12 sm:text-3xl border-l border-t bg-neutral-200 hover:bg-neutral-200/50"
        data-active="false"
      />
      <button
        class="flex h-9 flex-1 items-center justify-center border-neutral-400 text-2xl font-semibold sm:h-12 sm:text-3xl border-t border-l-2 bg-neutral-200 hover:bg-neutral-200/50"
        data-active="false"
      />
      <button
        class="flex h-9 flex-1 items-center justify-center border-neutral-400 text-2xl font-semibold sm:h-12 sm:text-3xl border-l border-t bg-neutral-200 hover:bg-neutral-200/50"
        data-active="false"
      />
      <button
        class="flex h-9 flex-1 items-center justify-center border-neutral-400 text-2xl font-semibold sm:h-12 sm:text-3xl border-l border-t bg-neutral-200 hover:bg-neutral-200/50"
        data-active="false"
      />
      <button
        class="flex h-9 flex-1 items-center justify-center border-neutral-400 text-2xl font-semibold sm:h-12 sm:text-3xl border-t border-l-2 bg-neutral-200 hover:bg-neutral-200/50"
        data-active="false"
      />
      <button
        class="flex h-9 flex-1 items-center justify-center border-neutral-400 text-2xl font-semibold sm:h-12 sm:text-3xl border-l border-t bg-neutral-200 hover:bg-neutral-200/50"
        data-active="false"
      />
      <button
        class="flex h-9 flex-1 items-center justify-center border-neutral-400 text-2xl font-semibold sm:h-12 sm:text-3xl border-l border-t bg-neutral-200 hover:bg-neutral-200/50"
        data-active="false"
      />
    </div>
    <div
      class="flex"
    >
      <button
        class="flex h-9 flex-1 items-center justify-center border-neutral-400 text-2xl font-semibold sm:h-12 sm:text-3xl border-t bg-neutral-200 hover:bg-neutral-200/50"
        data-active="false"
      />
      <button
        class="flex h-9 flex-1 items-center justify-center border-neutral-400 text-2xl font-semibold sm:h-12 sm:text-3xl border-l border-t bg-neutral-200 hover:bg-neutral-200/50"
        data-active="false"
      />
      <button
        class="flex h-9 flex-1 items-center justify-center border-neutral-400 text-2xl font-semibold sm:h-12 sm:text-3xl border-l border-t bg-neutral-200 hover:bg-neutral-200/50"
        data-active="false"
      />
      <button
        class="flex h-9 flex-1 items-center justify-center border-neutral-400 text-2xl font-semibold sm:h-12 sm:text-3xl border-t border-l-2 bg-neutral-200 hover:bg-neutral-200/50"
        data-active="false"
      />
      <button
        class="flex h-9 flex-1 items-center justify-center border-neutral-400 text-2xl font-semibold sm:h-12 sm:text-3xl border-l border-t bg-neutral-200 hover:bg-neutral-200/50"
        data-active="false"
      />
      <button
        class="flex h-9 flex-1 items-center justify-center border-neutral-400 text-2xl font-semibold sm:h-12 sm:text-3xl border-l border-t bg-neutral-200 hover:bg-neutral-200/50"
        data-active="false"
      />
      <button
        class="flex h-9 flex-1 items-center justify-center border-neutral-400 text-2xl font-semibold sm:h-12 sm:text-3xl border-t border-l-2 bg-neutral-200 hover:bg-neutral-200/50"
        data-active="false"
      />
      <button
        class="flex h-9 flex-1 items-center justify-center border-neutral-400 text-2xl font-semibold sm:h-12 sm:text-3xl border-l border-t bg-neutral-200 hover:bg-neutral-200/50"
        data-active="false"
      />
      <button
        class="flex h-9 flex-1 items-center justify-center border-neutral-400 text-2xl font-semibold sm:h-12 sm:text-3xl border-l border-t bg-neutral-200 hover:bg-neutral-200/50"
        data-active="false"
      />
    </div>
  </div>
</div>
`;
